../Core/Src/main.c:105:5:main	8	static
../Core/Src/main.c:194:6:SystemClock_Config	96	static
../Core/Src/main.c:244:13:MX_I2C1_Init	8	static
../Core/Src/main.c:292:13:MX_USART2_UART_Init	8	static
../Core/Src/main.c:327:13:MX_GPIO_Init	48	static
../Core/Src/main.c:362:19:ISL29125_WriteRegister	32	static
../Core/Src/main.c:367:19:ISL29125_ReadRegister	32	static
../Core/Src/main.c:374:19:ISL29125_Init	16	static
../Core/Src/main.c:388:19:ISL29125_ReadRGBPercent	32	static
../Core/Src/main.c:424:6:StartReadRGB	32	static
../Core/Src/main.c:449:6:HAL_TIM_PeriodElapsedCallback	16	static
../Core/Src/main.c:467:6:Error_Handler	4	static,ignoring_inline_asm
